Berg Hansen
Berg Olsen
Berg Johansen
Thi Nguyen
Berg Nilsen
Berg Larsen
Berg Pedersen
Dahl Olsen
Berg Andersen
Dahl Hansen
Mohamed Ali
Lund Olsen
Lund Johansen
Dahl Andersen
Holm Andersen
Lund Hansen
Dahl Johansen
De Lange
Berg Johnsen
Holm Hansen
Berg Jensen
Solberg Hansen
Garcia De presno
Lund Andersen
Hagen Olsen
Dahl Larsen
Espolin Johnson
Berge Hansen
Myhre Hansen
Moe Hansen
Holm Larsen
Ruud Olsen
Lund Pedersen
Strand Hansen
Lund Nilsen
Lie Andersen
Aas Hansen
Strand Olsen
Larsen Johansen
Holm Johansen
Thi Tran
Strand Johansen
Stoud Platou
Nygård Olsen
Lie Hansen
Lie Larsen
Thi Le
Solberg Olsen
Rønning Johansen
Moen Hansen
Lund Larsen
Eide Andersen
Strøm Pedersen
Steen Hansen
Dahl Jørgensen
Nilsen Eira
El Moussaoui
Eide Hansen
Berge Olsen
Berg Pettersen
Solberg Johansen
Moe Jacobsen
Lie Nilsen
Holm Olsen
Holm Nilsen
Bakke Pedersen
Wold Johansen
Tangen Olsen
Strøm Andersen
Strand Nilsen
Pettersen Olsen
Olsen Kristiansen
Nilsen Pedersen
Lind Hansen
Haugen Olsen
Hagen Andersen
Fjeld Hansen
Eide Olsen
Dahl Jensen
Bakke Andersen
Andersen Gaup
Von Krogh
Pedersen Olsen
Nguyen Tran
Lund Karlsen
Johansen Eira
Hoff Johansen
Haug Hansen
Haug Andersen
Eide Nilsen
Borge Olsen
Ahmed Mohamed
Abdi Mohamed
Ruud Hansen
Næss Olsen
Moen Johansen
Moe Johansen
Lien Johansen
Dahl Pedersen
Berg Kristiansen
Strøm Olsen
Strand Andersen
Stang Lund
Sandvik Olsen
Rohde Garder
Næss Larsen
Møller Jensen
Myhre Olsen
Myhre Andersen
Mohamed Ahmed
Mohamed Abdi
Lund Jensen
Le Nguyen
Hiis Bergh
Dos Santos
Berg Karlsen
Bakken Berg
Moen Larsen
Lunde Olsen
Lund Johannessen
Haugen Larsen
Hauge Olsen
Bakke Hansen
Rønning Hansen
Lunde Hansen
Johansen Larsen
Hagen Hansen
Fjeld Olsen
Berg Eriksen
Berg Andreassen
Ahmed Ali
Aas Olsen
Tran Nguyen
Strand Karlsen
Strand Johnsen
Storm Olsen
Solheim Nilsen
Solberg Nilsen
Riis Nilsen
Nygård Johansen
Lund Kristiansen
Lund Eriksen
Lie Olsen
Kristiansen Olsen
Haugland Olsen
Hagen Johansen
Dahle Olsen
Dahl Karlsen
Da Silva
Bye Johansen
Aa
Aabel
Aaberg
Aaby
Aabø
Aadland
Aae
Aagaard
Aagesen
Aakre
Aakvik
Aaland
Aalberg
Aalvik
Aam
Aamodt
Aamot
Aandahl
Aandal
Aanensen
Aanerud
Aanes
Aanestad
Aanonsen
Aanstad
Aardal
Aarflot
Aarhus
Aarnes
Aarrestad
Aarsand
Aarset
Aarseth
Aarskog
Aarsland
Aarstad
Aarum
Aarvik
Aarø
Aas
Aasberg
Aasbø
Aase
Aasebø
Aasen
Aaserud
Aaseth
Aasgaard
Aasheim
Aasland
Aaslund
Aass
Abbas
Abdi
Abdullah
Abdullahi
Abelsen
Abrahamsen
Aden
Adolfsen
Afzal
Aga
Aglen
Ahlsen
Ahmad
Ahmadi
Ahmed
Aker
Akhtar
Akram
Aksdal
Akselsen
Aksnes
Albertsen
Albrigtsen
Aleksandersen
Alexandersen
Alfheim
Alfredsen
Alfsen
Algrøy
Ali
Alm
Almaas
Alme
Almenning
Almli
Almås
Alnes
Alnæs
Alsaker
Alstad
Alsvik
Alver
Alvestad
Alvheim
Alvær
Amble
Amdal
Amin
Amlie
Amundsen
Anda
Andersen
Anderson
Anderssen
Andersson
Andorsen
Andreassen
Andresen
Andvik
Anfinsen
Angell
Angelsen
Angeltveit
Angvik
Anthonsen
Anti
Antonsen
Anwar
Apeland
Arctander
Arneberg
Arnesen
Arnestad
Arnevik
Arntsen
Arntzen
Arnøy
Aronsen
Arshad
Arvesen
Asbjørnsen
Asghar
Asheim
Ashraf
Ask
Aske
Askeland
Askildsen
Askim
Askvik
Aslaksen
Aslam
Asp
Aspaas
Aspelund
Aspen
Aspenes
Asphaug
Aspås
Astrup
Auestad
Augestad
Aukland
Aulie
Aunan
Aune
Auran
Aurdal
Aure
Aurstad
Ausland
Austad
Austbø
Austnes
Austrheim
Axelsen
Aziz
Baardsen
Bach
Backe
Bakk
Bakka
Bakkan
Bakke
Bakkehaug
Bakkejord
Bakkeli
Bakkelund
Bakken
Bakker
Bakkerud
Bakketun
Bakstad
Ballestad
Balstad
Baltzersen
Bang
Barka
Barstad
Barth
Bartnes
Bashir
Bastiansen
Bauer
Bauge
Baumann
Baustad
Bech
Beck
Becker
Begum
Bekkelund
Bekken
Bekkevold
Bell
Belsvik
Bendiksen
Bendixen
Benjaminsen
Benonisen
Bentsen
Bentzen
Berdal
Berentsen
Berg
Bergan
Berge
Bergem
Bergene
Berger
Bergersen
Bergerud
Bergesen
Berget
Berggren
Bergh
Bergheim
Bergland
Bergli
Berglund
Bergman
Bergmann
Bergo
Bergquist
Bergseng
Bergset
Bergseth
Bergstrøm
Bergsvik
Bergtun
Bergum
Berisha
Berland
Bernhardsen
Berntsen
Berntzen
Berre
Berstad
Bertelsen
Berthelsen
Bertheussen
Betten
Bhatti
Bibi
Bilstad
Birkedal
Birkeland
Birkeli
Birkelund
Birkenes
Bjelland
Bjerga
Bjerk
Bjerkan
Bjerke
Bjerkeli
Bjerkelund
Bjerkestrand
Bjerkli
Bjerknes
Bjerkås
Bjordal
Bjorøy
Bjune
Bjønnes
Bjørdal
Bjørgan
Bjørge
Bjørgen
Bjørgo
Bjørgum
Bjørheim
Bjørk
Bjørke
Bjørkedal
Bjørkhaug
Bjørkli
Bjørklund
Bjørkmo
Bjørkum
Bjørkås
Bjørlo
Bjørn
Bjørndal
Bjørndalen
Bjørnerud
Bjørnestad
Bjørnevik
Bjørnsen
Bjørnstad
Bjørnå
Bjørnø
Bjørnøy
Bjørseth
Bjørshol
Bjørsvik
Bjørvik
Blakstad
Blindheim
Blix
Blom
Blomberg
Blomvik
Blystad
Bodin
Boge
Bogen
Bolme
Bolstad
Bones
Bonsaksen
Borch
Borchgrevink
Bore
Borg
Borgan
Borge
Borgen
Borgersen
Borlaug
Borsheim
Bostad
Botnen
Botten
Boye
Braaten
Braathen
Bragstad
Brakstad
Brandal
Brandt
Brandtzæg
Brandvik
Braseth
Brastad
Brataas
Bratberg
Bratland
Bratli
Bratlie
Bratsberg
Brattli
Brattås
Bratvold
Braut
Bredal
Bredesen
Breen
Breistein
Breivik
Brekka
Brekke
Brekken
Bremnes
Bremseth
Brenden
Brenna
Brenne
Brevig
Brevik
Bringedal
Brobakken
Broch
Brodahl
Broen
Brovold
Brown
Brox
Bru
Brubakken
Brudevoll
Brudvik
Bruheim
Bruland
Brun
Brunborg
Brunes
Brunstad
Brunvoll
Brustad
Bruun
Bruvik
Bruvoll
Bryhn
Bryn
Bryne
Brynildsen
Brynjulfsen
Bråten
Bråthen
Brække
Brækken
Brænd
Brænden
Brøndbo
Brønstad
Bu
Buan
Bue
Buene
Buer
Bugge
Bugten
Bui
Buljo
Bull
Bunes
Busch
Buseth
Butt
Buvarp
Buvik
By
Byberg
Bye
Byrkjeland
Bårdsen
Bækken
Bærheim
Bævre
Bø
Bødtker
Bøe
Bøen
Bøhler
Bøhn
Børresen
Børseth
Børsheim
Børstad
Børve
Bøthun
Bøyum
Cappelen
Carlsen
Carlson
Carlsson
Caspersen
Celius
Chaudhry
Chen
Christensen
Christiansen
Christoffersen
Christophersen
Clausen
Claussen
Corneliussen
Daae
Dagestad
Dagsland
Dahl
Dahlberg
Dahle
Dahlen
Dahlstrøm
Dalby
Dale
Dalen
Dalene
Daleng
Dalhaug
Dalheim
Dalland
Dalseth
Dammen
Dang
Danielsen
Davidsen
Dehli
Derås
Devik
Devold
Didriksen
Diesen
Digernes
Digre
Dimmen
Dirdal
Ditlefsen
Djupvik
Djuve
Djønne
Do
Doan
Dokken
Drabløs
Drage
Drageset
Dragland
Dramstad
Drange
Drevland
Dreyer
Drivenes
Drønen
Due
Duong
Dvergsdal
Dyb
Dybdahl
Dybdal
Dybvik
Dybwad
Dyngeland
Dyrdal
Dyrhaug
Dyrkorn
Dyrnes
Dyrseth
Dyrstad
Dyrøy
Dørum
Ebbesen
Eckhoff
Edland
Edvardsen
Edvartsen
Eeg
Eek
Ege
Egeberg
Egeland
Egeli
Eggan
Egge
Eggen
Eggum
Eid
Eide
Eidem
Eidet
Eidissen
Eidsvik
Eidsvåg
Eie
Eik
Eike
Eikeland
Eikemo
Eiken
Eikenes
Eikrem
Eikås
Eilertsen
Einan
Einarsen
Einvik
Eira
Ek
Ekeberg
Ekeland
Ekeli
Ekelund
Ekerhovd
Eklund
Eknes
Ekre
Ekrem
Ekren
Ekroll
Ekstrøm
Elde
Elden
Eldevik
Eliassen
Ellefsen
Ellingsen
Elmi
Elnes
Elstad
Elton
Eltvik
Elvebakk
Elvenes
Elverum
Elvestad
Emanuelsen
Emberland
Emblem
Emilsen
Endal
Endresen
Enersen
Eng
Engan
Engdal
Enge
Engebakken
Engebretsen
Engebråten
Engedal
Engeland
Engelsen
Engelstad
Engelund
Engen
Engenes
Enger
Engeset
Engeseth
Engevik
Engh
Englund
Engstad
Engstrøm
Engum
Engvik
Enoksen
Ensrud
Erdal
Erga
Erichsen
Eriksen
Eriksrud
Eriksson
Erikstad
Erland
Erlandsen
Ernstsen
Ersland
Erstad
Ervik
Eskedal
Eskeland
Espe
Espedal
Espeland
Espelid
Espenes
Espeseth
Estensen
Evanger
Evenrud
Evensen
Evenstad
Evertsen
Evje
Evjen
Evju
Fadnes
Fagereng
Fagerhaug
Fagerheim
Fagerland
Fagerli
Fagermo
Fagernes
Fagertun
Fagervik
Fagervold
Fagerås
Falch
Falck
Falk
Fallet
Fanebust
Farah
Fardal
Farestveit
Farstad
Fauskanger
Fauske
Feragen
Ferkingstad
Ferstad
Fevang
Fidje
Fidjeland
Figenschau
Figenschou
Fiksdal
Fimland
Fimreite
Finne
Finnerud
Finnesand
Finnøy
Finseth
Finsrud
Finstad
Fischer
Fiske
Fiskerstrand
Fiskum
Fiskvik
Fiskå
Fjeld
Fjeldberg
Fjelde
Fjeldheim
Fjeldstad
Fjell
Fjellanger
Fjelldal
Fjellestad
Fjellheim
Fjellstad
Fjellvang
Fjermestad
Fjær
Fjæreide
Fjærli
Fjørtoft
Flaa
Flatebø
Flaten
Flatland
Flatmo
Flatås
Flatøy
Fleischer
Flem
Flesland
Flo
Flåten
Flø
Flønes
Fløtre
Fløysvik
Foldnes
Folgerø
Folkedal
Folkestad
Folkvord
Folland
Follestad
Fonn
Fonnes
Forberg
Forbord
Forland
Formo
Fornes
Forsberg
Forseth
Forsmo
Fosen
Foss
Fossan
Fossdal
Fosse
Fossen
Fosshaug
Fossheim
Fossland
Fossli
Fossmark
Fossmo
Fossnes
Fossum
Fotland
Frafjord
Framnes
Frantzen
Fredheim
Fredriksen
Fremstad
Fretheim
Friberg
Friestad
Frigstad
Friis
Frivold
Frogner
Frostad
Frydenberg
Frydenlund
Frøiland
Frøland
Frøseth
Frøshaug
Frøyen
Frøyland
Frøysa
Frøystad
Fuglerud
Fuglestad
Fure
Furnes
Furre
Furset
Furseth
Furu
Furuheim
Furuli
Furulund
Furunes
Furuseth
Fyhn
Fykse
Fylkesnes
Fylling
Følstad
Førde
Føreland
Førland
Førre
Førsund
Gaarder
Gabrielsen
Gamst
Gangstad
Garberg
Garnes
Garshol
Garvik
Gashi
Gaup
Gausdal
Gaustad
Georgsen
Gerhardsen
Gilberg
Gilde
Gilje
Gill
Gillebo
Gimse
Giske
Giæver
Gjelstad
Gjelsten
Gjelsvik
Gjendem
Gjengedal
Gjengstø
Gjerde
Gjerdingen
Gjerdrum
Gjerløw
Gjermundsen
Gjerstad
Gjersøe
Gjertsen
Gjeruldsen
Gjervik
Gjesdal
Gjessing
Gjestad
Gjestvang
Gjøen
Gjønnes
Gjøsund
Glad
Gleditsch
Glesnes
Gloppen
Goa
Godø
Graff
Gram
Gramstad
Gran
Granberg
Grande
Granerud
Granheim
Granli
Granlund
Granly
Granmo
Grannes
Granum
Granås
Grav
Gravdal
Gravem
Grebstad
Green
Gregersen
Greve
Grimsmo
Grimsrud
Grimstad
Grinde
Grinden
Grindhaug
Grindheim
Grini
Grongstad
Groth
Grotle
Grov
Groven
Grude
Grue
Grytten
Grødem
Grønbech
Grønberg
Grøndahl
Grøndal
Grøndalen
Grøneng
Grønhaug
Grønli
Grønlie
Grønlien
Grønlund
Grønn
Grønnestad
Grønnevik
Grønning
Grønningsæter
Grønseth
Grønstad
Grønvik
Grønvold
Grønås
Grøstad
Grøtan
Grøterud
Grøtte
Grøtterud
Grøtting
Gudbrandsen
Guddal
Gudmestad
Gudmundsen
Gulbrandsen
Guldahl
Guldberg
Gullaksen
Gulli
Gulliksen
Gundersen
Gunnarsen
Gunnerud
Gunnerød
Gunnes
Gunnestad
Gussiås
Gustad
Gustafsson
Gustavsen
Gustavson
Guttorm
Guttormsen
Gården
Gåsland
Haagensen
Haakonsen
Haaland
Haarberg
Haarr
Haarstad
Haave
Haavik
Habberstad
Habbestad
Haddal
Haddeland
Hadland
Hafstad
Haga
Hagberg
Hage
Hageland
Hagelund
Hagen
Hagenes
Hagerup
Hagland
Haglund
Halden
Haldorsen
Hall
Hallan
Halland
Halle
Halleland
Halleraker
Hallingstad
Hals
Halse
Halsen
Halseth
Halstensen
Halvorsen
Halvorsrud
Hamborg
Hammer
Hammeren
Hammersland
Hammerstad
Hammervold
Hammerø
Hamnes
Hamre
Handeland
Hannestad
Hannisdal
Hansen
Hanssen
Hansson
Hanstad
Haraldseid
Haraldsen
Haraldstad
Haram
Hareide
Harestad
Harkestad
Harnes
Harstad
Harsvik
Hartmann
Hartveit
Hartvigsen
Hartviksen
Hasle
Hassan
Hassel
Hasund
Hatland
Hatlem
Hatlen
Hatlestad
Hatlevik
Hatteland
Hauan
Haug
Haugan
Hauge
Haugen
Hauger
Haugerud
Haugland
Haugli
Hauglid
Haugnes
Haugo
Haugom
Haugsdal
Haugseth
Haugstad
Haugsvær
Haugum
Haugvaldstad
Haukaas
Haukedal
Haukeland
Haukenes
Haukland
Haukås
Hausken
Haveland
Haver
Havik
Havn
Havnen
Hay
Hebnes
Heen
Hegdal
Hegg
Heggdal
Hegge
Heggedal
Heggelund
Heggem
Heggen
Heggernes
Heggheim
Heggland
Heggset
Heggøy
Hegland
Hegna
Hegre
Hegstad
Heia
Heiberg
Heide
Heien
Heier
Heim
Heimdal
Heimstad
Heistad
Heitmann
Helberg
Heldal
Helgeland
Helgerud
Helgesen
Helgestad
Helgheim
Hella
Helland
Helle
Hellebust
Helleland
Hellem
Hellenes
Helleren
Hellerud
Hellesø
Hellevik
Helliesen
Hellstrøm
Hellum
Helmersen
Helset
Helseth
Helstad
Heltne
Helvik
Hem
Hemmingsen
Hemnes
Henden
Henningsen
Hennum
Henriksen
Hepsø
Herdlevær
Herheim
Herigstad
Herland
Hermansen
Hernes
Hernæs
Herstad
Hervik
Hesjedal
Hessen
Hestad
Hestenes
Hestetun
Hestnes
Hestvik
Hetland
Hevrøy
Hexeberg
Heyerdahl
Hidle
Hilde
Hildre
Hildrum
Hille
Hilleren
Hillestad
Hilstad
Hindenes
Hinna
Hjelde
Hjelle
Hjelm
Hjelmeland
Hjelseth
Hjelvik
Hjorth
Hjortland
Hjulstad
Hjørnevik
Ho
Hoang
Hoddevik
Hodne
Hodneland
Hoel
Hoem
Hoff
Hoffmann
Hofseth
Hofstad
Hoftun
Hognestad
Hogstad
Hojem
Hokstad
Hol
Holand
Holberg
Holden
Hole
Holen
Holgersen
Hollund
Holm
Holmberg
Holme
Holmedal
Holmefjord
Holmen
Holmgren
Holmsen
Holmstrøm
Holmvik
Holmøy
Holsen
Holst
Holstad
Holt
Holta
Holtan
Holte
Holten
Holter
Holtet
Holth
Holthe
Holum
Holvik
Homme
Honningsvåg
Hope
Hopen
Hopland
Hordvik
Horgen
Horn
Horne
Hornnes
Horntvedt
Horpestad
Horten
Horvei
Hoset
Hoseth
Hotvedt
Hov
Hovd
Hovda
Hovde
Hovden
Hove
Hoven
Hovind
Hovland
Hunstad
Hurlen
Husa
Husabø
Husby
Huse
Huseby
Husebø
Husevåg
Hussain
Hussein
Hustad
Hustoft
Hustveit
Husum
Husøy
Huus
Huynh
Hval
Hvattum
Hveding
Hveem
Hvidsten
Hylland
Hynne
Hystad
Hågensen
Håheim
Håkonsen
Håland
Hånes
Håpnes
Hårstad
Håvik
Hægeland
Hætta
Høgberg
Høgli
Høglund
Høgset
Høgseth
Høgås
Høiberg
Høiby
Høie
Høiland
Høines
Høiseth
Høivik
Hølland
Høvik
Høydahl
Høydal
Høye
Høyem
Høyer
Høyland
Høyvik
Ibrahim
Iden
Idland
Idsø
Idsøe
Igland
Ihle
Ihlen
Ims
Indahl
Indergård
Indrebø
Ingebretsen
Ingebrigtsen
Ingvaldsen
Iqbal
Irgens
Isachsen
Isaksen
Isdahl
Isdal
Ismail
Istad
Iversen
Jacobsen
Jahnsen
Jahr
Jahren
Jakobsen
Jama
Jansen
Jansson
Jensen
Jensrud
Jenssen
Jentoft
Jeppesen
Jespersen
Jessen
Jevne
Joa
Joakimsen
Johannesen
Johannessen
Johansen
Johanson
Johansson
Johnsen
Johnson
Johnsrud
Johnstad
Jonassen
Jones
Jonsson
Jordal
Jordet
Josdal
Josefsen
Juell
Juliussen
Justad
Juul
Juvik
Jåsund
Jæger
Jønsson
Jørgensen
Jørstad
Jøssang
Kaasa
Kaland
Kaldestad
Kalland
Kalleberg
Kallestad
Kallevik
Kalstad
Kalvik
Kanestrøm
Kapstad
Karim
Karlsen
Karlson
Karlsrud
Karlsson
Karlstad
Karoliussen
Karstensen
Kasin
Kaspersen
Kaupang
Kaur
Kausar
Kavli
Khan
Kielland
Kihle
Kiil
Kildahl
Kildal
Kile
Kilen
Killi
Kind
Kinn
Kirkeby
Kirkerud
Kirkhus
Kirknes
Kittelsen
Kittilsen
Kjeilen
Kjeldsberg
Kjeldsen
Kjellevold
Kjelsberg
Kjelsrud
Kjelstad
Kjerstad
Kjos
Kjær
Kjærstad
Kjærvik
Kjølberg
Kjølstad
Kjørstad
Kjørsvik
Kjøsnes
Klakegg
Klausen
Klaussen
Kleiv
Kleiveland
Kleiven
Klemetsen
Klepp
Kleppa
Kleppe
Klette
Klev
Kleveland
Kleven
Klingenberg
Klokk
Kloster
Klungland
Klungtveit
Klæboe
Kløvstad
Knapstad
Knarvik
Knoph
Knotten
Knudsen
Knutsen
Koch
Kofoed
Kolberg
Kolbjørnsen
Kolle
Kolltveit
Kolnes
Kolseth
Kolsrud
Kolstad
Kolstø
Kolås
Kommedal
Kongshaug
Kongsvik
Konradsen
Koppang
Kopperud
Koren
Korneliussen
Korslund
Korsmo
Korsnes
Korsvik
Korsvold
Kraft
Krane
Krasniqi
Kringstad
Kristensen
Kristiansen
Kristoffersen
Krog
Krogh
Krogsrud
Krogstad
Krogsæter
Krohn
Kroken
Kronstad
Krosby
Kruse
Kryger
Kråkenes
Kulseth
Kvaal
Kvale
Kvalheim
Kvalnes
Kvalsund
Kvalsvik
Kvalvik
Kvalvåg
Kvalø
Kvaløy
Kvam
Kvame
Kvamme
Kvammen
Kvamsdal
Kvandal
Kvande
Kvarme
Kvello
Kvernberg
Kverneland
Kvernmo
Kvia
Kvien
Kvilhaug
Kvinge
Kvinnesland
Kvistad
Kvåle
Kværner
Kydland
Kyllingstad
Kyvik
Kårstad
Kåsa
Laastad
Lade
Laland
Lam
Lamo
Landa
Landaas
Lande
Landmark
Landro
Landrø
Landsem
Landsverk
Langaas
Langbråten
Lange
Langedal
Langeland
Langemyr
Langerud
Langfeldt
Langhelle
Langholm
Langli
Langlo
Langmo
Langnes
Langset
Langseth
Langvik
Langåker
Langås
Langø
Langørgen
Langøy
Larsen
Larssen
Larsson
Lassen
Laugen
Lauritsen
Lauritzen
Laursen
Lausund
Lauten
Lauvås
Lavik
Le
Lea
Lee
Lehn
Lehne
Leidland
Leikanger
Leiknes
Leikvoll
Lein
Leine
Leira
Leirdal
Leirvik
Leirvåg
Leistad
Leite
Leithe
Leivestad
Leknes
Lekve
Lekven
Lende
Lenes
Leonhardsen
Leren
Lervik
Lervåg
Lerøy
Levang
Li
Lia
Liabø
Lian
Liane
Liberg
Lid
Lidal
Lie
Lied
Lien
Lieng
Lier
Liknes
Liland
Lilleberg
Lilleby
Lillebø
Lilleeng
Lilleengen
Lillegård
Lillehagen
Lillejord
Lilleland
Lillemo
Lilleng
Lillestøl
Lilletvedt
Lillevik
Lilleås
Lima
Lind
Lindahl
Lindal
Lindanger
Lindberg
Linde
Lindgaard
Lindgren
Lindhjem
Lindholm
Lindland
Lindquist
Lindqvist
Lindseth
Lindstad
Lindstrøm
Lindvik
Lindås
Linge
Linnerud
Liseth
Lium
Liverød
Ljosland
Lockert
Lode
Loe
Loen
Lofthus
Log
Lohne
Lokøy
Lomeland
Lone
Longva
Lorentsen
Lorentzen
Lossius
Lothe
Ludvigsen
Ludviksen
Lund
Lundal
Lundberg
Lundby
Lunde
Lundeby
Lundekvam
Lundemo
Lunden
Lunder
Lundgren
Lundgård
Lundh
Lundhaug
Lundquist
Lura
Lydersen
Lygre
Lyng
Lyngmo
Lyngstad
Lyngvær
Lyngås
Lynum
Lysaker
Lyse
Lysgård
Lyshaug
Lysne
Lyssand
Lystad
Lysø
Låstad
Lægreid
Lærum
Løberg
Løchen
Lødemel
Løge
Løken
Løkke
Løkkeberg
Løkken
Løkås
Løland
Lønning
Løset
Løseth
Løtveit
Løvaas
Løvberg
Løvdal
Løver
Løvik
Løvland
Løvli
Løvlie
Løvlien
Løvold
Løvoll
Løvseth
Løvstad
Løvås
Løyning
Madland
Madsen
Magerøy
Magnus
Magnussen
Magnusson
Mahamed
Mahmood
Malde
Malik
Malm
Malmedal
Malmin
Malmo
Malvik
Mandal
Mandelid
Mannes
Marcussen
Marken
Markhus
Markussen
Marstein
Martens
Marthinsen
Marthinussen
Martin
Martinsen
Martinussen
Marvik
Marøy
Mathiassen
Mathiesen
Mathisen
Matre
Maudal
Maurstad
Mauseth
Medhus
Meek
Mehl
Mehlum
Mehus
Meier
Meisingset
Meland
Melberg
Melby
Melbye
Melgård
Melheim
Melhus
Meling
Mellem
Mellemstrand
Mellingen
Mellum
Melsom
Melum
Melvold
Mentzoni
Merkesdal
Meyer
Michaelsen
Michalsen
Michelsen
Midtbø
Midtgård
Midthun
Midtskogen
Midttun
Midtun
Mikaelsen
Mikalsen
Mikkelborg
Mikkelsen
Milde
Miljeteig
Minde
Minge
Mirza
Misje
Misund
Mittet
Mjelde
Mjøen
Mjøs
Mo
Moa
Moan
Moberg
Moe
Moen
Mogen
Mogstad
Mohamed
Mohammad
Mohammadi
Mohammed
Mohamud
Mohn
Moholt
Moi
Moksnes
Moland
Molde
Molden
Moldestad
Moldskred
Molland
Molnes
Molstad
Molteberg
Moltu
Molund
Molvik
Molvær
Mong
Monge
Mongstad
Monsen
Monstad
Mork
Morken
Morland
Mortensen
Moseid
Moseng
Moss
Mossige
Mostad
Mostue
Moum
Muggerud
Mundal
Munkvold
Munthe
Muren
Muri
Mustafa
Mydland
Myhr
Myhra
Myhre
Myhren
Myhrer
Myhrvold
Myking
Mykland
Myklebost
Myklebust
Myller
Myran
Myrdal
Myre
Myren
Myrene
Myreng
Myrhaug
Myrland
Myrseth
Myrstad
Myrvang
Myrvold
Myrvoll
Mæhle
Mæhlum
Mæhre
Mæland
Mæle
Mælen
Møgster
Møller
Mørch
Mørk
Mørkved
Mørland
Naas
Nakken
Narum
Narvestad
Natland
Natvig
Natvik
Natås
Naustdal
Nedrebø
Nedregård
Negård
Nekstad
Nerdal
Nereng
Nergaard
Nergård
Nerheim
Nerhus
Nerland
Nerli
Nervik
Nes
Nesbø
Nese
Neset
Nesheim
Nesje
Nesland
Ness
Nessa
Nesse
Nesset
Nesvik
Neteland
Netland
Neverdal
Nevland
Ngo
Nguyen
Nicolaisen
Nicolaysen
Nielsen
Nikolaisen
Nilsen
Nilssen
Nilsson
Nissen
Nistad
Njærheim
Nodeland
Nodland
Nome
Nomeland
Norberg
Nord
Nordahl
Nordal
Nordang
Nordanger
Nordberg
Nordby
Nordbø
Nordeide
Nordeng
Nordengen
Norderhaug
Nordgaard
Nordgård
Nordhagen
Nordhaug
Nordheim
Nordhus
Nordland
Nordli
Nordlie
Nordlien
Nordlund
Nordmark
Nordmo
Nordnes
Nordrum
Nordseth
Nordskag
Nordskog
Nordstrand
Nordstrøm
Nordsveen
Nordtveit
Nordtømme
Nordvik
Nordås
Noreng
Norheim
Norland
Norli
Norman
Normann
Nornes
Norum
Nybakk
Nybakken
Nyberg
Nyborg
Nybråten
Nybø
Nydal
Nygaard
Nygren
Nygård
Nyhagen
Nyheim
Nyhus
Nyhuus
Nyland
Nylund
Nymark
Nymo
Nymoen
Nyquist
Nyrud
Nyseth
Nystad
Nysted
Nystrøm
Nystuen
Nysveen
Nysæter
Nysæther
Nytrøen
Nyvold
Nyvoll
Nærland
Nærø
Næs
Næsheim
Næss
Nævdal
Nøkleby
Nøttveit
Obrestad
Odden
Odland
Oen
Ofstad
Oftedal
Ohnstad
Oksnes
Okstad
Olafsen
Olaisen
Oland
Olaussen
Olavesen
Olberg
Olden
Olesen
Oliversen
Olsen
Olsnes
Olsrud
Olsson
Olstad
Olsvik
Olufsen
Oma
Omar
Omdal
Omholt
Omland
Ommedal
Ommundsen
Onarheim
Onstad
Opdahl
Opdal
Opedal
Opgård
Ophaug
Opheim
Ophus
Opland
Oppedal
Oppegaard
Oppegård
Opsahl
Opsal
Opseth
Opstad
Orre
Orvik
Os
Ose
Osen
Oshaug
Oskarsen
Osland
Osman
Osmundsen
Osnes
Oterhals
Otnes
Ottem
Otterlei
Ottersen
Otterstad
Ottesen
Ottosen
Overvik
Overå
Ovesen
Paasche
Palm
Parveen
Paulsen
Paulsrud
Paus
Pedersen
Persen
Persson
Petersen
Pettersen
Petterson
Pettersson
Pham
Phan
Pihl
Pilskog
Pladsen
Plassen
Polden
Pollestad
Poulsen
Prestegård
Presthus
Prytz
Raa
Raaen
Raastad
Rabben
Rafoss
Raja
Raknes
Rakvåg
Ramberg
Ramfjord
Ramsdal
Ramsland
Ramstad
Ramsvik
Ramsøy
Rana
Randen
Ranheim
Ranum
Rasch
Rashid
Rasmussen
Ravn
Ravndal
Ravnås
Ree
Reed
Refsdal
Refseth
Refsland
Refsnes
Refvik
Reiersen
Reigstad
Reime
Rein
Reinertsen
Reinholdtsen
Reistad
Reitan
Reite
Reiten
Rekdal
Rekkedal
Rekstad
Reksten
Remme
Remmen
Remøy
Reppe
Reppen
Repstad
Revheim
Rian
Ribe
Richardsen
Riis
Riise
Riiser
Rikardsen
Rikstad
Rimstad
Rindal
Rinde
Rinden
Ring
Ringdal
Ringen
Ringheim
Ringnes
Ringstad
Ringvold
Risa
Risan
Risberg
Risdal
Rise
Rishaug
Risnes
Rist
Risvik
Risøy
Roald
Robberstad
Roberg
Robertsen
Robstad
Rodal
Roen
Rognan
Rogne
Rognerud
Rognes
Rognli
Rognlien
Rognmo
Rognstad
Rogstad
Rokne
Rokstad
Roksvåg
Roland
Rolandsen
Rolfsen
Rolfsnes
Rolland
Rolstad
Romstad
Romundstad
Rong
Rongved
Roos
Rosenberg
Rosenlund
Rosenvinge
Rosland
Rosnes
Rossebø
Rosseland
Rossland
Rostad
Rosvold
Roth
Rovik
Rud
Rudi
Rudolfsen
Rue
Rugland
Rugsveen
Rui
Runde
Rundhaug
Rustad
Rustand
Rusten
Ruud
Ryan
Rydland
Rydningen
Rye
Ryen
Ryeng
Rygg
Rygh
Rykkje
Ryland
Rynning
Rystad
Rånes
Ræstad
Røberg
Rød
Rødal
Rødland
Rødseth
Rødsjø
Røe
Røed
Røen
Røgeberg
Røhne
Røine
Røise
Røkenes
Røkke
Rømo
Røneid
Rønhovde
Rønne
Rønneberg
Rønnestad
Rønning
Rønningen
Røren
Rørstad
Rørtveit
Rørvik
Røsand
Røsnes
Røssland
Røst
Røstad
Røste
Røsvik
Røv
Røvik
Røyland
Røyrvik
Røyset
Røysland
Saastad
Saga
Sagbakken
Sagen
Sagmo
Sagstad
Sagstuen
Said
Sakariassen
Sakshaug
Salamonsen
Salberg
Salbu
Saleh
Salomonsen
Salte
Saltnes
Salvesen
Samdal
Samnøy
Samuelsen
Sand
Sandaker
Sandal
Sandanger
Sandbakk
Sandbakken
Sandberg
Sandbæk
Sande
Sanden
Sander
Sandersen
Sandland
Sandli
Sandmo
Sandnes
Sandsmark
Sandstad
Sandtorv
Sandum
Sandve
Sandven
Sandvik
Sandvold
Sandvoll
Sandvær
Sandø
Sandøy
Sangolt
Sanne
Sannerud
Sannes
Sara
Saue
Saur
Schanche
Schanke
Schau
Schei
Scheie
Schie
Schjelderup
Schjerven
Schjetne
Schjølberg
Schmidt
Schou
Schrøder
Schultz
Schøyen
Seeberg
Seglem
Seierstad
Seim
Sekkingstad
Sekse
Seland
Selbekk
Seldal
Sele
Seljeseth
Selle
Sellevold
Sellæg
Selmer
Selnes
Selstad
Selvik
Selvåg
Sem
Semb
Seppola
Serigstad
Sevaldsen
Severinsen
Shah
Shala
Sharif
Sharma
Sheikh
Sigurdsen
Sigvartsen
Sikveland
Silden
Silseth
Simensen
Simonsen
Singh
Singstad
Sinnes
Sirevåg
Sirnes
Sivertsen
Sjaastad
Sjo
Sjursen
Sjåstad
Sjåvik
Sjøberg
Sjøen
Sjøgren
Sjøli
Sjølie
Sjøthun
Sjøvold
Sjøvoll
Skaar
Skaare
Skadberg
Skage
Skagen
Skagestad
Skailand
Skansen
Skar
Skarbø
Skare
Skaret
Skarstad
Skarstein
Skarsvåg
Skau
Skauen
Skaug
Skauge
Skaugen
Skavhaug
Skei
Skeide
Skeie
Skevik
Skille
Skinnes
Skinstad
Skistad
Skjeggestad
Skjelbred
Skjelstad
Skjelvik
Skjerping
Skjerve
Skjerven
Skjervold
Skjetne
Skjevik
Skjold
Skjolden
Skjong
Skjæret
Skjærstad
Skjærvik
Skjæveland
Skjølberg
Skjønberg
Skjønhaug
Skjørestad
Skog
Skoge
Skogen
Skogheim
Skogland
Skogli
Skoglund
Skogly
Skogmo
Skogseth
Skogsrud
Skogstad
Skogvold
Skogvoll
Skomedal
Skorpen
Skorstad
Skotnes
Skotte
Skovly
Skram
Skramstad
Skrede
Skretteberg
Skretting
Skråmestø
Skuland
Skullerud
Skulstad
Skurdal
Skålevik
Skår
Skårdal
Skåre
Skårland
Skøien
Sleire
Sletner
Sletta
Slette
Slettebø
Sletten
Slettum
Sletvold
Slinning
Slyngstad
Slåen
Slåtten
Smeby
Smedsrud
Smedstad
Smeland
Smestad
Smistad
Smith
Smørdal
Sneve
Sogn
Sola
Solbakk
Solbakken
Solberg
Soldal
Solem
Soleng
Solevåg
Solhaug
Solheim
Solli
Sollid
Sollie
Sollien
Solstad
Solstrand
Solsvik
Soltvedt
Soltveit
Solum
Solvang
Solvik
Solvoll
Solås
Soma
Somby
Sommer
Sommerseth
Sommerstad
Sommervold
Sortland
Sparby
Sperre
Spilde
Sporsheim
Stabell
Stadheim
Staff
Stamnes
Standal
Stang
Stange
Stangeland
Starheim
Stav
Stava
Stave
Stavem
Staven
Stavenes
Stavik
Stavland
Stavnes
Stavrum
Steen
Steffensen
Stein
Steindal
Steine
Steinnes
Steinsland
Steinsvik
Steiro
Stenberg
Stendal
Stene
Stenersen
Stenerud
Stenhaug
Stensby
Stensen
Stenseth
Stensland
Stensrud
Stenstad
Stensvold
Stenvik
Stephansen
Stiansen
Stien
Stigen
Stjern
Stokka
Stokkan
Stokke
Stokkeland
Stokken
Stokland
Stokstad
Stordahl
Stordal
Storebø
Storeide
Storesund
Storhaug
Storheim
Storli
Storm
Stormark
Stormo
Stormoen
Stormyr
Stornes
Storsveen
Storvik
Storås
Storøy
Strand
Strandberg
Strande
Stranden
Strandheim
Straume
Stray
Strøm
Strømberg
Strømme
Strømmen
Strømnes
Strømsnes
Strømstad
Strømsvåg
Stubberud
Stuen
Sture
Styve
Stålesen
Støa
Støen
Stølan
Støle
Stølen
Størdal
Størkersen
Størksen
Størseth
Støylen
Suhr
Sund
Sundal
Sundberg
Sundby
Sunde
Sundet
Sundgot
Sundli
Sundnes
Sundseth
Sundstrøm
Sundt
Svanberg
Svanes
Svanevik
Svardal
Svarstad
Sveberg
Svee
Sveen
Svela
Svendsen
Svendsrud
Svenkerud
Svenning
Svenningsen
Svensen
Svensli
Svensson
Sverdrup
Sveum
Sviggum
Sviland
Svindland
Svingen
Sværen
Sylta
Sylte
Synnes
Syrstad
Systad
Syversen
Syvertsen
Sæbø
Sæland
Sæle
Sælen
Sæter
Sæterbø
Sæterdal
Sætermo
Sæternes
Sæther
Sæthre
Sætra
Sætran
Sætre
Sætren
Sævareid
Sæverud
Sævik
Søberg
Søbstad
Sødal
Søderholm
Søfteland
Søgaard
Søgård
Søiland
Sølvberg
Sømme
Søndenå
Sønsteby
Sønstebø
Sønsterud
Sørby
Sørbø
Sørdal
Søreide
Søreng
Sørensen
Sørgård
Sørhaug
Sørheim
Sørhus
Sørland
Sørli
Sørlie
Sørmo
Sørnes
Sørum
Sørvik
Søvik
Søyland
Tafjord
Takle
Taksdal
Takvam
Talberg
Tallaksen
Tandberg
Tande
Tandstad
Tangen
Tangerud
Tangstad
Taraldsen
Taranger
Taule
Teien
Teig
Teige
Teigen
Teigland
Telle
Tellefsen
Tengesdal
Tenold
Terjesen
Tesdal
Tessem
Tetlie
Tharaldsen
Theodorsen
Thoen
Thomas
Thomassen
Thommesen
Thompson
Thomsen
Thon
Thorbjørnsen
Thoresen
Thorgersen
Thorkildsen
Thorsen
Thorshaug
Thorsrud
Thorstensen
Thorsø
Thorud
Thorvaldsen
Thrane
Throndsen
Thu
Thue
Thuen
Thune
Thunes
Thygesen
Thøgersen
Tidemann
Tiller
Tjelle
Tjelta
Tjemsland
Tjessem
Tjore
Tjørhom
Tjøstheim
Tjøsvoll
Tjøtta
Tobiassen
Todal
Todnem
Toft
Tofte
Tokerud
Tokle
Tollefsen
Tomren
Tomter
Tonheim
Tonning
Torbergsen
Torbjørnsen
Toresen
Torgersen
Torheim
Torjussen
Torkelsen
Torkildsen
Torland
Tornes
Torp
Torset
Torstensen
Torsvik
Torvik
Torvund
Totland
Tran
Trana
Trengereid
Trondsen
Trones
Tronrud
Tronstad
Trulsen
Truong
Trydal
Træet
Trøan
Trøen
Trønnes
Tuft
Tufte
Tufteland
Tungland
Tunheim
Turøy
Tvedt
Tveit
Tveita
Tveitan
Tveite
Tveiten
Tveito
Tvenge
Tverberg
Tverå
Tvete
Tveten
Tveter
Tyldum
Tysnes
Tysse
Tøllefsen
Tømmervik
Tømmerås
Tømte
Tøndel
Tønder
Tønnesen
Tønnessen
Tønsberg
Tørstad
Tøsse
Ueland
Ugland
Ulland
Ulleberg
Ullestad
Ulriksen
Ulset
Ulseth
Ulstein
Ulven
Ulvestad
Ulvik
Ulvin
Ulvund
Underhaug
Undheim
Undrum
Unhjem
Urdal
Urke
Ursin
Urstad
Ustad
Utgård
Uthaug
Utheim
Uthus
Utne
Utnes
Utsi
Utvik
Vaage
Vabø
Vadseth
Vagle
Vaksdal
Valberg
Valde
Valderhaug
Valen
Valla
Valland
Valle
Vallestad
Valseth
Valstad
Valvik
Valø
Vang
Vangen
Vangsnes
Vanvik
Varhaug
Vartdal
Vassbotn
Vassdal
Vatland
Vatle
Vatn
Vatne
Vea
Vedal
Vedvik
Vedå
Vedøy
Vegsund
Veiby
Veland
Velde
Velle
Venås
Vestad
Vestby
Vestbø
Vestli
Vestly
Vestnes
Vestre
Vestrheim
Vestvik
Vestøl
Vetrhus
Veum
Vevang
Vevle
Viddal
Vie
Vigdal
Vigre
Vik
Vika
Vikan
Vikane
Vikanes
Vike
Viken
Vikse
Vikøren
Vilhelmsen
Villanger
Vindenes
Vinje
Visnes
Vist
Viste
Vistnes
Vo
Vogt
Vold
Volden
Voldsund
Voll
Vollan
Volle
Vollen
Vonheim
Vorland
Vu
Våga
Våge
Vågen
Vågenes
Vårdal
Værnes
Waage
Waaler
Wahl
Wahlstrøm
Walberg
Walde
Walderhaug
Walle
Wallin
Walseth
Walstad
Wang
Wangberg
Wangen
Wanvik
Warholm
Warsame
Wathne
Weberg
Weiseth
Welde
Welle
Wennberg
Wennevold
Wergeland
Werner
Wessel
Westad
Westberg
Westby
Westbye
Westerheim
Westerlund
Westgaard
Westgård
Westlie
Westrum
Wetteland
Weum
Wibe
Wiborg
Wickstrøm
Wie
Wien
Wiggen
Wiig
Wiik
Wik
Wiken
Wiker
Wiklund
Wikstrøm
Wilberg
Wilhelmsen
Willassen
Wille
Williams
Willumsen
Wilson
Winge
Winger
Winje
Winsnes
Winther
Wisløff
Wist
Wisth
With
Wold
Wolden
Woldseth
Wolff
Woll
Wollan
Worren
Wright
Wroldsen
Wulff
Wærnes
Wøien
Yildiz
Yilmaz
Yndestad
Ytreland
Ytterstad
Yttervik
Yusuf
Zachariassen
Zahl
Zakariassen
Zhang
Zimmermann
Ådland
Ågotnes
Åkre
Åmodt
Ånensen
Ånestad
Årdal
Årnes
Årseth
Årvik
Ås
Åsebø
Åsen
Åsheim
Åsland
Ødegaard
Ødegård
Ødegården
Øen
Øglænd
Øie
Øien
Øiestad
Øines
Øiseth
Økland
Øksendal
Øksnes
Ølberg
Ørbeck
Øren
Østberg
Østby
Østbye
Østbø
Østebø
Østensen
Østenstad
Østerbø
Østerhus
Østerud
Østerås
Østgaard
Østgård
Østhus
Østli
Østlie
Østlund
Østmo
Østrem
Østreng
Østvang
Østvik
Østvold
Øverby
Øverbø
Øvereng
Øvergaard
Øvergård
Øverland
Øverli
Øverås
Øvrebø
Øvrelid
Øvretveit
Øvstebø
Øvstedal
Øvsthus
Øwre
Øyan
Øye
Øyen
Øygard
Øygarden
Øynes