Roger
Isak
Philiv
Oluf
Alvin
Sebastias
Jorg
Eiliv
Oluf
Lage
Oscar
Iver
Willy
Ragnus
Murat
Erik
Brund
Even
Scott
Benn
Eilertinus
Rein
Snorre
Gjørn
Per
Christer
Thormannet
Andre
Bernelius
Mark
Perre
Odvar
Ronar
Janneth
Mohanh
Rino
Roy
Knut
Magnvaldor
Claes
Muhamman
Allah
Arve
Jose
Gunnsten
Bjørnulf
Andor
Casper
Brage
Håkon
Jarl
Juan
Gorm
Armann
Jarl
Malvartinius
Mahmoud
Korne
Bård
Karstein
Kris
Marvid
Mons
Mirsad
Raymondre
Juan
Jonatan
Agnar
Ralph
Ralph
Vernanderik
Vigleiv
Bo
Ralph
Kris
Reza
Mind
Marten
Bjartan
Arve
Rafa
Mohammed
Sver
Helm
Jaran
Hroar
Amar
Jonald
Ken
Peer
Antoni
Dan
Egon
Ari
Timothy
Jonald
Farhad
Krzysztofer
Syed
Reza
Nathias
Nicolas
Theo
Toran
Khal
Jaralf
Leon
Toranz
Louis
Anfinn
Sturles
Marek
Ulf
Kennes
Mohamed
Thor
Kasper
Peder
Patrick
Alexandre
Askild
Hald
Edward
Matti
Niel
Milan
Sigmund
Eigil
Njål
Fred
Oddbjørn
Ingvar
Ottar
Ingvard
Eyolf
Johnny
Tollef
Rolf
Brund
Muhammad
Svein
Conrad
Martinius
Askil
Jacob
Jamazan
Steph
Vegar
Chris
Timond
Frits
Noah
Ansgar
Josten
Steffer
Mats
Halvartinund
Robian
Arnulf
Oddgeir
Valter
Pål
Eigil
Norvald
Mattis
Malvard
Remi
Tom
Tuan
Hermund
Odin
Ove
Ivan
Mathan
Sigvar
Brage
Oddvin
Liam
Tomm
Torsten
Gjertinius
Nicolanderic
Eskil
Mohanh
Tomannes
Nicolas
Liam
Amunder
Pål
Kjeld
Hassainert
Steve
Bruno
Vemund
Ragnus
Christen
Hussan
Jose
Lore
Tryggve
Sten
Hauk
Hoang
Gunnard
Ronathis
Murat
Viljarto
Mahad
Eddy
Gulliam
Atle
Ramal
Patrik
Maham
Gormod
Marve
Hermod
Glenniel
Quoc
Emil
Esper
Amund
Must
Ingvard
Gerhard
Oliv
Roberton
Sigmunder
Baarek
Eirik
Denning
Steffan
Sebas
Annar
Hassain
Jose
Oddleif
Julius
Usmail
Gulling
Ghulam
Stur
Torge
Tollef
Tony
Rasmund
Eivind
Markus
Nils
Karl
Magnvald
Matthew
Must
Kario
Wiggo
Uno
Walter
Wald
Almar
Odd
Timond
Asgeir
Vemund
Kars
Marco
Patricklas
Tomm
Knud
Aage
Oddbjørn
Khalid
Kaard
Anker
Jesper
Thom
Tom
Andre
Asle
Børge
Syed
Morten
Ahmet
Svein
Alexand
Tahi
Oscar
Willy
Kittian
Thorsten
Oskard
Edward
Hald
Halv
Lauritjov
Esper
Lucas
Fred
Alex
Murat
Erleiv
Ralf
Amar
Ander
Olai
Liam
Torbjørn
Jakon
Jack
Ulrik
Dagfinn
Arve
Hoang
Erick
Usman
Anton
Hein
Arnelius
Laurits
Flemmin
Seyed
Goralf
Olaf
Torgan
Johny
Remy
Rasmus
Mattil
Tim
Tony
Eman
Jarank
Helm
Tord
Vinh
Konrad
Rolv
Edward
Mustafa
Reidar
Amer
Tony
Kent
Gund
Erik
Uno
Bendik
Filip
Patrick
Finn
Øysten
Ferdinan
James
Didrik
Pål
Torkel
Frodd
Aleksan
Jaralf
Fran
Dag
Fridtjof
Lars
Harold
Claus
Jim
Torkel
Raymon
Poul
Mikal
Quan
Jan
Jard
Ask
Espen
Sven
Sigmund
George
Christof
Thoralf
Alexandre
Torger
Erla
Sean
Svein
Teodor
Ask
Ingvald
Joar
Vilhelm
Audun
Jaran
Bjørn
Hariq
Torg
Eirik
Duc
Robert
Rein
Jo
Willip
Peer
Wilhel
Julian
Mika
Ragnus
Linus
Mart
Mosteiner
Brynjulf
Remi
Ari
Noralvor
Michael
Kaard
Jermanuel
Marte
Stein
Annard
Ahmet
Amar
Oddvind
Arnt
Marve
Jeppe
Kristor
Josef
Thorle
Sigbjøran
Matthis
Nikolai
Norvaldem
Ketil
Morge
Jonas
Christofer
Edmund
Robin
Samson
Marve
Benneth
Arnfinn
Jakon
Armanuel
Kim
Salahir
Poul
Ahmet
Rino
Ricar
Morte
Siveric
Emmad
Enverin
Hein
Stanleik
Matther
Kenny
Fabian
Steinus
Knud
Fridtjov
Laurits
Marcel
Gjermund
Aril
Nicolay
Knud
Reza
Mohan
Johamed
Karstein
Kaarek
Godtfred
Denis
Mehdi
Nathanie
Godtfredric
Flemmin
Harolfgang
Hussein
Sigfrederik
Ferdin
Bjarte
Svein
Siveric
Fridtjov
Tobin
Fred
Arnulf
Erlan
Hamza
Muhames
Mohamed
Halldor
Christer
Jard
Mehmed
Faisal
Jesper
Torsteinar
Yngvald
Andor
Juan
Sture
Samir
Hroar
Jarl
James
Mathias
Christor
Patrick
Ellias
Eddy
Torgrim
Willy
Enok
Børgen
Stig
Sven
Hogne
Haavar
Karsteine
Janny
Halvdan
Jamazan
Julian
Askil
Gunley
Astoffen
Vemund
Glen
Hamza
Mosteiner
Clas
Johanh
Jonathias
Toni
Magnar
Bentz
Leo
Wernt
Magne
Vladimir
Jaralfdan
Joel
Pierre
Samson
Adrik
Preben
Vilhelm
Korner
Gerharlos
Lukas
Tor
Oskar
Yusuf
Remy
Hallger
Rolf
Almar
Brynjamin
Andrzej
Aziz
Bengt
Asle
Rein
Mehmet
Inge
Isman
Gullan
Gøran
Haakon
Sigvar
Mons
Christoffer
Wald
Tarius
Lyder
Eric
Nichlas
Melvin
Alan
Eddie
Ando
Ari
Remy
Taran
Torolf
Alexandrzej
Kent
Sten
Josef
Torleif
Edin
Geir
Annar
Håvard
Augustav
Louis
Jerman
Abrahad
Sølve
Axel
Ingvar
Ralph
Rudi
Ludvind
Tønnes
Thomanuel
Joar
Sigvard
Osmann
Øistorm
Trym
Jeppe
Ingve
Anker
Arve
Steffer
Joakim
Skjalmar
Holgeirmund
Steffen
Georgar
Hans
Eddy
Trond
Oskard
Rikard
Samid
Harolf
Ricard
Ivard
Walther
Brynjulv
Bashir
Arture
Glend
Sigbjørn
Håvard
Owe
Osmus
Tommy
Brage
Stein
Romas
Manuel
Fred
Claus
Nicolay
Thorsten
Åke
Steffan
Herbjørn
Jonathias
Ludvin
Chard
Imrantz
Frederik
Ulf
Oliv
Torsteinar
Ellik
Gjert
Syverre
Sind
Tønnes
Caspar
Vemund
Karl
Abdi
Thomas
Leo
Romas
Claes
Ronny
Jørn
Syed
Brian
Than
Ingve
Gormod
Sjur
Werne
Ahmed
Olaus
Tarje
Bashir
Ari
Owe
Asbjørgeir
Annar
Amund
Sigmund
Ernster
Olai
Muhammed
Ted
Ralf
Axel
Rein
Hamir
Osvald
Inge
Andor
Willy
Tron
Evald
Even
Haavar
Pedric
Ngoc
Fred
Siverry
Thorode
Ådne
Jarleik
Gord
Goran
Mikal
Quan
Alvin
Sam
Andreas
Louis
Nicholai
Halvard
Richaled
Jørg
Levind
Knut
Brigt
Abdi
Sand
Oskar
Willin
Harolf
Lucas
Reidullan
Stan
Fritjof
Fritz
Frodd
Eilev
Lloyd
Viljart
Ibrahi
Dagfinn
Jonar
Carstein
Asgeir
Mogens
Minh
Vernar
Siguel
Nikolas
Neil
David
Reidulf
Eivin
Edmund
Tom
Walther
Said
Simen
Aril
Carl
Frans
Thom
Jard
Abrahames
Lauritjov
Eirik
Ericklas
Jacob
Jørge
Ingolf
Arnljot
Albert
Kai
Raymond
Glendik
Frithjof
Adric
Randericklas
Leo
Monrad
Mirsad
Knud
Marcel
Monrad
Torkild
Vemund
Torleiv
Oddmar
Wilfredrik
Harry
Reza
Roy
Fabias
Helgeir
Leif
Enver
Villy
Børre
Samuel
Nikolas
Tormod
Albeinung
Yngvar
Adolf
Roman
Jeppe
Birk
Jonny
Stephan
Hallsten
Tahim
Andre
Jaran
Tom
Tariq
Tahi
Max
Ander
Kurt
Emanuel
Eman
Hamza
Hermund
Ferner
Astofer
Knud
Sigfredrian
Håvard
Robert