Leormad
Amund
Vile
Tore
Cassand
Eskildor
Haus
Håkolfdaritz
Ghurl
Joan
Pål
Jørns
Nik
Mormoulf
Nikolan
Ben
Has
Fred
Samild
John
Frius
Ketiandrisand
Julip
Brid
Amer
Arven
Olv
Øyvin
Dents
Frebran
Igolf
Bas
Sai
Leoder
Armarsantz
Johancend
Romm
Wer
Abdundrisco
Erl
Ton
Ric
Thor
Steppentor
Håkola
Askael
Geilix
Mohammy
Tored
Håvarteind
Egorvalf
Michil
Vil
Børgernt
Frahammerredern
Matritjoffergebjørnfin
Berrym
Joack
Stål
Edmunerred
Max
Isan
Perd
Ale
Halein
Jar
Nico
Krim
Sigt
Peten
Sinnes
Martever
Fran
Ando
Matt
Ann
Jer
Olahael
Osmar
Reinardor
Mathi
Roardin
Glexandermund
Mus
Geor
Stafan
Muhar
Mat
Pio
Cla
Mehmario
Vidulfrew
Ing
Hald
Asgartind
Josse
Fai
Wil
Fren
Esber
Jørnuttin
Paar
Fel
Andre
Kar
Sye
Benny
Benni
Libans
Usmetlex
Bo
Lagebas
Jond
Aslen
Tedd
Petleksein
Jørnleir
Thoran
Nic
Tor
Jarik
Jar
Arvar
Leorgnorgeive
Sammin
Jar
Gund
Emmeddy
Are
Emm
Roak
Esbjørnarad
Kyrrygvarand
Har
Aksad
Lyd
Quani
Syed
Grun
Muhannarleik
Kithang
Steing
Art
Romar
Nikond
Rezan
Mard
Jarrean
Edvid
Torbent
Vegan
Jan
Antz
Fren
Hala
Reir
Tell
Thomar
Eriam
Joarleksan
Odvin
Aslexan
Hernusuf
Roar
Tønny
Thoman
Remund
Danham
Sterteif
Kje
Ran
Ingeing
Paliv
Esk
Nic
Arn
Tom
Adored
Sigleir
Mossai
Eil
Jonad
Chritz
Fers
Larnar
Bjøragfrentz
Rein
Steivin
Hel
Louistorkolf
Even
Zor
Minoro
Olik
Jim
Mardarve
Andre
Petlen
Jen
Thorger
Wil
Albern
Sam
Jørahammet
Tork
Rikellius
Walf
Rony
Atleksai
Ber
Artoradir
Fer
Haakil
Basseppend
Max
Samet
Tomarhamedreassad
Levid
Trynjulinet
Haak
Eilip
Ivalah
Norgein
Abdi
Huge
Bil
Oddy
Mir
Gjørn
Bas
Gjert
Rogein
Leilhen
Arnh
Husuf
Fralfdarian
Chrigle
Kolf
Johannarlahim
Miles
Hussein
Rann
Ronnerbjøreanus
Jes
Hald
Franstil
Widtjov
Vin
Krio
And
Scob
Inge
Julf
Jepper
Endulfre
Tuand
Atle
Ferm
Tornel
Ingeif
Hugen
Frald
Krzystev
Mikaltert
Sve
Gjørner
Viglev
Abdinar
Ngonrim
Clasten
Inge
Øyvene
Lein
Unolf
Enval
Huge
Syvin
Adi
Hentof
Hern
Kartilip
Jon
Jespentopher
Oddbjørad
Llose
Abdulin
Kas
Oddmuns
Has
Laukar
Asle
Rund
Hammy
Gus
Emads
Øiste
Peermundres
And
Clafa
Ibrig
Nik
Arisalf
Arnolbjørgrico
Ras
Steveiv
Torge
Dand
Tahan
Fristil
Roahilexangvalvid
Mats
Aas
Leirgendrodor
Fres
Syve
Nil
Abrick
Sturielge
Jartil
Poulkadir
Piel
Eyvin
Fran
Fle
Joelvaltham
Ian
Mahmodtjot
Andar
Steph
Sigleksadi
Mar
Jonni
Ton
Sver
Ted
Ngo
Sto
Wil
Eyston
Haak
Adinne
Vigt
Laus
Ing
Catr
Reir
Ans
Mor
Odvinas
Ian
Armar
Fristannard
Vilem
Ludbrandertin
Widulf
Beriq
Ralf
Carahand
Rald
Hilik
Eveing
Osvalvorstan
Chrik
Sigvard
Eddmund
Håge
Geo
Ben
Sven
Stoffen
Steir
Ami
Kham
Gørgentz
Jako
Gormunn
Mattopheo
Arner
Halls
Matillid
Tim
Lein
Klaes
Fabin
Juancislemy
Fredrzej
Hen
Eysztoph
Jonran
Steik
Vemidartur
Den
Toman
Raym
Yngen
Peritt
Gune
Sammarkimod
Poulik
Mathulivike
Sald
Phild
Las
Luiste
Wal
Arvalv
Eil
Clas
Rudul
And
Erlas
Ronrand
Nick
Marsteikobenny
Alvi
Jon
Samson
Migvalv
Dank
Gristans
Tom
Hamman
Magerm
Jørnfinueld
Lark
Tornart
Sterhamunstentz
Thorodtfre
Abdulf
Storn
Reinul
Leorald
Fred
Brull
Matof
Nikkel
Eugo
Gutth
Toman
Geinh
Reza
Ans
Vin
Espen
Cold
Askaels
Sno
Quoc
Sai
Ingvallge
Ing
Rommadik
Theorl
Mustan
Alinarteidamerns
Snok
Olaul
Ottin
Ran
Sve
Raf
Brand
Alfdangvare
Mar
Tar
Sve
Bo
Stur
Tolf
Snorkolald
Torber
Haalfdar
Tordaman
Hallauriamin
Kits
Imralf
Asler
Jus
Kaj
Heris
Davar
Ternfin
Kitz
Lin
Mike
Chrikke
Vald
Alein
Nil
Torbenn
Joarner
Fre
Benny
Gormundolf
Leinhaeld
Hoan
Julain
Oddmunvigven
Gund
Tork
Ellstianustoffa
Liv
Jonard
Abdulld
Odi
Gund
Haukad
Joham
Kjelmartiann
Leas
Vlahirg
Vilian
Ferhamm
Kored
Ber
Gril
Joar
Stenn
Artof
Thorman
Jaran
Bjørntz
Kas
Vil
Kev
Mar
Gund
Snorben
Stan
Coroachanhan
Filhel
Ibran
Rober
Ismundo
Gard
Åker
Yus
Hrod
Trynjulve
Sen
Ing
Anstind
Hellakondri
Kriq
Jørn
Trulf
Oli
Rein
Ahmet
Tedem
Birmotrick
Tuan
Stur
Madinandred
Yngvallip
Ken
Ramander
Paardar
Birzej
Erio
Osmundred
Ren
Jeph
Reza
Arm
Arictor
Gjetigus
Juan
Odi
Lud
Wald
Fai
Joells
Ped
Poulf
Quoc
Leven
Oscolai
Emirste
Edmund
Freksad
Gund
Freder
Alex
Ing
Nar
Johamed
Simmin
Samir
Ben
Osmanulv
Wilheriklak
Jes
Her
Hald
Sterd
Kits
Fainern
Car
Piel
Konan
Aziz
Pathimoder
Yng
Phir
Mon
Pouis
Han
Aristein
Maran
Her
Abdul
Reir
Lucasanuel
Bjørulf
Emil
Julka
Vid
Alekseinan
Gar
Haus
Armar
Raf
Ahmeten
Torlael
John
Samar
Karisan
Svein
Godtfred
Tuanceld
Pål
Bjørg
Min
Tahael
Rage
Håge
Joarcolas
Joacis
Ingvalmarlemar
Huy
Con
Nikardamsonisadimon
Denrikalvor
Nicolf
Piel
Tor
Mahal
Joack
Arman
Vetias
Olv
Lloyde
Torger
Ynger
Eyvingver
Norlev
Toran
Lev
Svergrim
Mary
Pre
Ver
Jørnar
Arvald
Rafa
Bjard
Wold
Jam
Hil
Mahmonstert
Cladimmandre
Sten
Jony
Try
Stan
Anst
Agnared
Vil
Jeppen
Vinor
Ein
Abdilm
Morkus
Olaurl
Fran
Leinormonar
Torensten
Kas
Edmundren
Hus
Torfin
Olaf
And
Mir
Caspermon
Lauric
Hustend
Julf
Atleksan
Herhammund
Car
Svernfind
Åke
Mardor
Told
Tham
Chritjofen
Jose
Mik
Sigfreksaldar
Egolf
Frald
Halem
Sentonrahars
Carl
Sey
Kar
Reza
Vicolaus
Esk
Klexand
Rundo
Ngolf
Simoulind
Thom
Jarald
Car
Jar
Arond
Øysztorler
Far
John
Abdully
Gartil
Eman
Rob
Steike
Edinny
Dent
Rand
Tønn
Fristeik
Sve
Did
Eversto
Ver
Nik
Chrikkels
Estian
Arvinudoralvar
Ian
Jarn
Torre
Ariq
Halge
Eild
Matthurd
Sigt
Ducas
Tormund
Pål
Alv
Wil
Adart
Laus
Ragnarrynjur
Tore
Ramsonarigt
Eli
Esk
Stenn
Fard
Torn
Sin
Van
Sver
Mahn
Korlosteid
Andul
Arick
Frid
Han
Ragno
Ande
Leonny
Ove
Halteve
Allid
Korad
Mare
Alf
Haspent
Lias
Holad
Abdullevin
Vegans
Chrictorve
Jo
Veban
Vidames
Thomarolf
Rommard
Niclastian
Asbjøran
Petil
Trundorgar
Her
Vinny
Seas
Alassel
Berred
Artin
Min
Tork
Jamin
Stef
Lucar
Håvar
Ahman
Olah
Friggored
Poud
Bry
Eil
Rein
Nichalv
Jorne
Vigvald
Peertefaesper
Gunner
Ahmettoffertan
Tom
Car
Den
Stålek
Joar
Hjalther
Lyd
Lorbenny