Randa
Anja
Eilen
Kristi
Emmy
Naima
Iren
Hallfrid
Åsne
Julie
Doria
Martinka
Renathleen
Tine
Julia
Jette
Kathe
Jeane
Wendy
Pameline
Lindy
Odny
Grete
Bitt
Eliss
Desiree
Hong
Ingebjørg
Elbjørg
Sabia
Palma
Andra
Marry
Lotte
Irena
Dagrunn
Alva
Maudith
Eva
Hally
Thi
Gudbjørg
Synnøve
Vibeke
Rebeth
Enid
Gunvor
Dortherina
Ailia
Jacquelindy
Birte
Joan
Martin
Elena
Erica
Eiril
Gunn
Jacqueline
Valenedictoril
Thyra
Sanne
Gudbjørgit
Ekate
Elly
Jannaug
Gund
Silje
Gørild
Sigrun
Isabella
Melinda
Eldri
Kjelly
Lejla
Elfrid
Isabell
Toril
Else
Louise
Åstansy
Dagrunn
Mild
Brita
Asma
Ambjørg
Arnhilde
Kjersten
Selma
Marta
Sigrid
Solgunnbjørg
Gurora
Meline
Siri
Gudrun
Katharolin
Lejla
Eira
Cariam
Karonicke
Andra
Wibekka
Nansy
Wibecke
Cicia
Naomina
Thelle
Birtheresa
Janne
Shirild
Amina
Stina
Valldis
Torhild
Sirine
Taran
Iren
Lejla
Kim
Marthe
Esthe
Thyra
Annicke
Carian
Marieta
Renate
Kathleen
Hoa
Aman
Karlotte
Rena
Mie
Nathea
Ayla
Tone
Henny
Adel
Irmen
Huong
Petrine
June
Elzbiette
Tirille
Dora
Venchel
Elena
Mathris
Dora
Tea
Annbjørg
Gitte
Azra
Monje
Dora
Martine
Torhilde
Lille
Synøve
Mild
Annikke
May
Thoria
Monika
Marina
Asborg
Ine
Elina
Sigrun
Maylin
Jofrid
Brynhild
Isabelle
Kirsti
Yasmine
Jane
Wendy
Bentine
Kirstin
Isela
Charin
Vivi
Mailenedikte
Chrine
Berte
Wenche
Anne
Jeanette
Nelly
Pameline
Carol
Rosephie
Kamilia
Hanneline
Tornelice
Saima
Cathea
Aase
Caron
Cecilia
Elisa
Helle
Janne
Beatha
Lenedictoriana
Frøya
Arna
Andra
Jofrid
Anh
Frøydis
Gudbjørg
Ingfrid
Britha
Vårine
Solgunnveig
Isabel
Betin
Meline
Kaja
Thuy
Berta
Karete
Vibecka
Unn
Mathrine
Christianny
Gund
Hoa
Nasreen
Signe
Daniellfrid
Torilli
Mariam
Mie
Zaine
Melin
Sanna
Nicole
Irena
Sheila
Erikke
Karia
Rene
Ilsebeth
Maj
Marit
Belicia
Khadija
Marethe
Torhild
Iren
Jorund
Aimee
Turina
Ingvil
Tove
Mela
Olaug
Solvor
Siv
Siw
Signett
Beatrid
Heger
Gerd
Anine
Heidunn
Ingvil
Emilyn
Elin
Kristina
Rina
Saima
Aileen
Margard
Hulda
Susanda
Fiona
Erika
Lilie
Kerstina
Mirine
Johanneva
Carolina
Katha
Mariela
Naima
Trude
Synne
Josephie
Dagmar
Janna
Annie
Dorte
Eila
Andra
Aslaug
Aasta
Liza
Wibeke
Mally
Meret
Mary
Huong
Susanda
Palma
Nannete
Dian
Helle
Ingelina
Nanny
Signy
Selindi
Torbjørg
Ella
Ulla
Nadia
Sharija
Julia
Ruth
Rena
Solla
Ingunn
Eilen
Jorun
My
Thordis
Hilma
Katha
Eira
Carmen
Annlaug
Ilse
Catha
Torla
Carmen
Ina
Kareta
Ranveig
Silvira
Wenche
Gabrieta
Liv
Sirianna
Janiellfrid
Inger
Ella
Pernille
Birgit
Ellin
Odlaug
Gise
Leni
Elli
Nanna
Kirsti
Nannecke
Anne
Pamela
Tirild
Amalina
Isabellen
Tatja
Dora
Arnhild
Susanna
Augusta
Elen
Melisiv
Leyla
Synn
Anna
Solrunn
Sara
Helenthea
Margreth
Esthe
Marete
Brita
Jasminab
Åsne
Astrica
Mariona
Aashilde
Iren
Ingrid
Herd
Bette
Marine
Karlaug
Gunvor
Sylvi
Kirsti
Solveig
Gunnie
Fatma
Alexandrea
Elaina
Madelenateritha
Sheila
Kaja
Paula
Kaisabetha
Vivi
Elzbiette
Gun
Nanca
Alvhilde
Liv
Elentin
Mona
Rønna
Lisbethe
Ingfrid
Henni
Rache
Cristi
Signette
Deni
Elizabelly
Odny
Gine
Sirild
Allis
Iren
Irmelian
Matha
Peggy
Birgith
Esthe
Paulia
Maryan
Rebecka
Vikte
Gine
Rikke
Martin
Edith
Sylvill
Marte
Wera
Elis
Lotten
Renathinka
Bjørg
Iristina
Pauline
Dagfrid
Astrine
Eivor
Elisa
Khadra
Magnhilde
Line
Winnica
Melin
Dora
Carina
Norun
Gurline
Lill
Mary
Nasreen
Edny
Felian
Violan
Olivi
Gunn
Lea
Elizabelle
Edit
Thea
Anny
Jytte
Carmela
Cathine
Thuy
Elis
Heidun
Margarete
Judit
Bitte
Mary
Danita
Siv
Leni
Janny
Marlotte
Cathristi
Tyra
Stina
Olea
Phuong
Åshildegarda
Birgit
Jette
Christi
Thao
Audny
Elna
Selma
Torg
Isa
Celine
Eli
Audny
Sabina
Tine
Dora
Margine
Beatha
Nadja
Sylvira
Anger
Idunn
Idunn
Emmy
Maylinor
Jann
Sanna
Vivi
Augusta
Dagfride
Bushra
Rita
Anita
Sabia
Bette
Sara
Heidrun
Alva
Trine
Jorund
Bjørg
Patrine
Nadia
Elfrid
Agnetha
Lejla
Frøya
Aasa
Ngoc
Nadia
Mariela
Karoline
Jelene
Allia
Carith
Elaina
Marith
Frid
Serina
Lisbethel
Maryam
Mariella
Margret
Juliancy
Agnie
Janny
Denisa
Berla
Connika
Lisa
Alviranda
Haldis
Thyra
Astrin
Ailie
Aasa
Magnfrid
Elma
Edle
Bergliot
Berla
Christi
Amal
Rønna
Silja
Maya
Wilma
Sunn
Cassa
Margun
Trine
Asma
Adria
Kjella
Iren
Synn
Alica
Janna
Marija
Marija
Astri
Aisha
Winniellan
Sofie
Lill
Mill
Mari
Undis
Henriela
Gabrina
Åsne
Ingvildegunn
Odny
Bertina
Heidunn
Kristinka
Liva
Alicia
Ulrikken
Carlen
Janne
Alma
Emine
Torunn
Nikolina
Ayse
Gunvor
Ragnfrid
Adel
Tuva
Wilma
Rene
Gloria
Mary
Tine
Åshild
Aina
Kristianna
Live
Olava
Marine
Audhild
Irin
Hild
Rebeth
Eli
Leah
Bian
Gun
Olava
Rut
Benthe
Anise
Lucy
Fatild
Torbjørnhild
Isela
Janna
Emelyn
Aimee
Runa
Leah
Bergine
Pamelin
Katima
Ruth
Annlaug
Tirild
Katja
Tanja
Anh
Henny
Olea
Sylva
Evy
Cecilian
Trud
Alfhilde
Jorun
Sunn
Audhild
Malena
Gullborg
Hanne
Kaja
Sina
Solbjørg
Guro
Beliss
Vivi
Danicke
Wibekka
Magda
Nadine
Magnfrid
Hildrid
Ilsebetha
Cathinka
Eldrika
Marte
Gund
Ingri
Kristine
Malenate
Torild
Eliss
Hard
Eirilyn
Margreta
Iren
Julia
Julin
Magni
Gyri
Else
Rebeke
Asbjørg
Hermina
Thoristiannicke
Anne
Therine
Gudbjørg
Gurora
Sine
Torild
Iren
Ingvilde
Caritte
Jane
Lucy
Nicole
Lara
Ragni
Norun
Edna
Ingfrid
Rakel
Eiriam
Marlaug
Palma
Augustansine
Sanneva
Kristen
Leni
Yvonneliss
Irine
Herdis
Ingfrid
Salma
Nancy
Maia
Mill
Arnhild
Inghilde
Gudny
Lynn
Tarah
Maria
Palma
Brita
Fay
Elsie
Fanna
Solrun
Katrine
Ane
Elenthe
Lilly
Kerstine
Grethale
Henrie
Hana
Nanna
Lynne
Cinda
Alice
Thi
Margreta
Norma
Tamarah
Mary
Lidi
Linn
Karith
Lisbet
Jett
Berlaug
Torla
Alisiv
Silvi
Asma
Fay
Fadumo
Berte
Bjørg
Gry
Helena
Vild
Ingegerd
Brith
Mirja
Mariell
June
Marlotte
Marith
Alfhild
Gørildur
Elsa
Elsa
Jamilin
Karoline
Mai
Dagmar
Jorun
Ingeborg
Silja
Katrica
Ragnethea
Cathalen
Eilie
Gabriela
Regina
Vibekka
Mathe
Hana
Nelle
Torhild
Gørily
Thao
Anne
Lidia
Simona
Liva
Else
Berine
Tatice
Margot
Marnhildrid
Ina
Gulborg
Gurina
Kerstin
Kaja
Eila
Samiliancy
Cathe
Kirsti
Magna
Kathe
Bergljot
Magny
Nell
Kariam
Mai
Kjersti
Samila
Mela
Fatild
Gunn
Ayla
Emmy
Bjørg
Kjella
Frid
Ranja
Ylva
Hedvig
Esthe
Sine
Vilma
Elisa
Evy
Magdalene
Janna
Emine
Stephanh
Samilyn
Kariana
Karlen
Lotte
Hermin
Ylva
Margun
Ingegerin
Amalima
Lisbet
Eirian
Kjellen
Dina
Lis
Hilma
Karith
Beatarzyna
Elis
Irma
Oddfrid
Borg
Gunnvor
Synøve
Serine
Gunn
Melia
Veron
Judia
Gyri
Mary
Malima
Jessanne
Cathleen
Cesilie
Malgorzatarin
Khadia
Mai
Marin
Julia
Ingerith
Berly
Emila
Liva
Wibeke
Dorte
Jann
Embla
Sophinka
Sigrunn
Christina
Madel
Selin
Edle
Johanine
Sigrun
Olava
Conni
Tuyet
Ragny
Johannie
Julina
Ragnhild
Åslaudith
Esthea
Corny
Wigdis
Isabel
Cinda
Lisel
Tordis
Lisabel
Taran
Ingveig
Oliva
Dagmara
Miriam
Molly
Edny
Oddhild
Ingvild
Inghild
Jennie
Anisa
Anlaug
Patrina
Kine
Marta
Carol
Eira
Angelinda
Sheid
Siv
Erika
Janny
Eva
Amira
Ragni
Galie
Naomine
Annlaug
Anettinab
Åsta
Oddhild
Inga
Aase
Tuyet
Alette
Janie
Asha
Fatild
Anne
Sabina
Hedvig
Karion
Nicole
Galie
Åse
Thellena
Isabel
Lenediktorilyn
Lisa
Arnlaug
Ayse
Joanne
Gjerdis
Line
Nelle
Leonora
Kerstina
Norma
Matianne
Melin
Meresa
Catrine
Galika
Dagrun
Lizabel
Toriancy
Matianna
Brit
Rebecke
Sylva
Meresa
Alma
Nansine
Orlaug
Aida
Serita
Oddny
Oddfrid
Bene
Meline
Betsy
Margun
Trud
Sanny
Margreth