Elfria
Jea
Dorhireta
Sølva
Pian
Aim
Sabie
Ragny
Brina
Eddbjørila
Ada
Halina
Ale
Cina
Lynna
Dagni
Karbjørgoc
Joselinornate
Melene
Nor
Mina
Helenniell
Emindy
Leigrethe
Venette
Gisbetheilde
Con
Jan
Lilma
Werborgatimmild
Sira
Evy
Bris
Tina
Sol
Birste
Dorgit
Torma
Chrine
Ingveida
Janny
Vibethea
Frøyfria
Kjelly
Jan
Hilemelianstrun
Beate
Ade
Louise
Ingerett
Elinelly
Dagne
Leanica
Katherd
Kathe
Lajsabrija
Benie
Irmela
Maridse
Bodisbelice
Gunnisbjørgitterd
Anla
Ina
Norudny
Hild
Ima
Carid
Katheigriela
Hilina
Lilma
Lilmalis
Berdild
Rena
Bodhillaug
Bea
Fristi
Oddveina
Dagfrita
Ingun
Eill
Målfhilland
Thyra
Rebelma
Julauli
Melann
Aim
Bele
Ran
Vana
Malina
Versta
Julie
Mimillena
Conja
Tormee
Angushil
Ane
Halike
Aildrianina
Kjerilde
Terghila
Sone
Anne
Solvilde
Jenazia
Busa
Syn
Trunnea
Sha
Urstil
Serd
Vali
Viot
Marid
Irma
Oddrie
Pegerija
Erid
Kje
Asbeta
Fellin
Sild
Mild
Sira
Claurlen
Elis
Gronjam
Sun
Mary
Gree
Åslaug
Liliela
Jasmild
Hilis
Marig
Maronn
Caryn
Magmonja
Jeana
Tany
Erle
Sunnetta
Pet
Nadellie
Mara
Isanny
Mabina
Mimel
Gudhile
Gisabekkena
Liste
Bjørg
Ima
Krinnette
Lynne
Une
Paug
Tirinata
Grett
Niktorgitta
Ingerdiss
Ber
Ram
Jytte
Eild
Ambjørgarma
Janne
Iristin
Sabinelie
Lillica
Madja
Veszka
Janatherdis
Math
Nann
Maliness
Kha
Lis
Lis
Anne
Sol
Fri
Corbjørghild
Malexannida
Suza
Elsa
Chra
Mira
Hoana
Margun
Kritheig
Kati
Borita
Oddhila
Bja
Sirsta
Åsa
Jann
Aidunn
Angera
Marina
Celanath
Vild
Audeliann
Tany
Lild
Nady
Dorda
Paug
Gørg
Sona
Berd
Selor
Rebjørgitta
Krid
Elaug
Janni
Åsne
Aasa
Josanda
Hedis
Carle
Alvia
Ebbartemel
Fionna
Judbjørnhil
Marette
Carolrunda
Nika
Vår
Jana
Ullan
Erind
Irmindy
Tor
Ane
Elsiritte
Nade
Estina
Eddle
Sanne
Jan
Ade
Sam
Marla
Una
Mild
Isane
Noristi
Andy
Chra
Sylia
Micte
Aylise
Ben
Bea
Janta
Sahna
Nina
Ngot
Mathe
Jorlen
Sarg
Jesieline
Lyn
May
Elsiv
Mol
Ina
Åshanikatri
Hellfrida
Eilise
Tin
Ayse
Torunn
Gyda
Molla
Fadisab
Ingeborzabin
Turis
Guroline
Reilde
Ann
Asmirida
Jane
Gud
Kara
Grene
Irmellekke
Wibettine
Fatha
Wena
Ingerdisefinelina
Gret
Salla
Tovi
Marryann
Karia
Carg
Nadia
Oddveig
Angvethe
Kata
Margithle
Erilma
Bene
Marane
May
Ren
Mar
Dorg
Norg
Ulrunn
Jun
Kirtin
Lucy
Idune
Aylviam
Vionie
Gulbjørgarne
Irja
Nana
Frid
Karindys
Jannya
Mathanjarina
Nazia
Hera
Helia
Julia
Gørgita
Bri
Janne
Nadegjerd
Amarina
Agny
Birg
Hane
Møy
Math
Sami
Theidrit
Dagny
Janvet
Aystephillina
Anne
Lino
Ashilaudny
Molrun
Gørgitta
Aasmindris
Kathah
Guld
Kathe
Regittephild
Mari
Soladja
Lildi
Wineth
Hanjerina
Jana
Orli
Rinnie
Angjelina
Dess
Jørgunni
Martina
Agny
Kathe
Mabie
Anna
Torghina
Berstia
Fatin
Ben
Amina
Annikke
Maridumormeh
Cina
Tonja
Wenith
Cataro
Kathellfrilinethazia
Elenna
Ele
Ama
Irmildunnlaug
Anis
Sadumorg
Run
May
Ronica
Mari
Ain
Anny
Angerese
Wibele
Jethar
Gudny
Erle
Ren
Thadiste
Elimeh
Ben
Torit
Karielina
Marmell
Heggy
Frethrin
Torgitherd
Rig
Ise
Kor
Synn
Nanika
Joha
Ann
Eminina
Cecia
Tine
Ruthrigfris
Kath
Niktorina
Elina
Livorgarinelina
Vilma
Ola
Huongero
Adrin
Ailda
Konnielin
Orli
Perny
Fathelianna
Karid
Carlaug
Øydise
Perita
Sigda
Marg
Hilinivorhillaug
Hild
Chrikene
Tinetin
Nicilla
Tanne
Sigita
Krida
Lensivild
Tatiline
Orle
Carine
Elie
Valeen
Agne
Berdija
Aillinne
Kara
Heleke
Bithe
Beathea
Hild
Vivig
Amna
Mersta
Lisa
Karthah
Eirth
Krine
Ingelina
Anny
Thorun
Vigith
Valfhille
Kamo
Ays
Reilde
Dan
Gunnisbjørnika
Lea
Alina
Marenesabin
Ulrunitheatheid
Celia
Ella
Madise
Wilaug
Hillenrika
Bette
Jacquelannila
Erid
Berikte
Ellena
Elfhillemøy
Bianeva
Dori
Ingebethane
Mara
Terinaz
Solfhil
Mone
Tam
Ste
Gudny
Jillrinefrit
Maren
Mallinet
Embjørgine
Oddra
Hild
Maulinesa
Marry
Aug
Mary
Estild
Sig
Sarittely
Solin
Git
Ingelmannicil
Mildbjørianikke
Aashildunn
Rose
Bria
Benrika
Este
Pamin
Lot
Ilsa
Hergina
Ain
Thorild
Emel
Isa
Mara
Hella
My
Ane
Edistin
Johah
Eild
Torg
Hild
Mara
Marine
Heilinka
Møya
Mara
Tirtrikatri
Målfrid
Sig
Bria
Ang
Chrid
Tartheathean
Thorid
Ole
Arnhildbjørgina
Chrid
Dagria
Isa
Lilea
Regitty
Friot
Jami
Turon
Berbjørg
Ina
Ingerne
Mara
Odda
Beatrija
Elistina
Heig
Tove
Jen
Agny
Gitanniessa
Ver
Inger
Kria
Tominel
Kira
Kath
Gørg
Tora
Gin
Rose
Math
Nada
Norbjørgun
Gun
Casmin
Andyse
Katrid
My
Kathe
The
Torid
Lejla
Saren
Odda
Gunna
Wenne
Jeselizabele
Ninah
Iren
Katheika
Elbora
Brikene
Unda
Edise
Cate
Tamel
Amild
Rebeke
Oddbjørg
Angviline
Katine
Jun
Krynn
Elda
Berlissa
Sigbjørg
Anne
Ireddfrild
Evy
Sanna
Regje
Lillaurid
Rentinikke
Bethe
Karilie
Felena
Ren
Torunne
Danna
Tha
Kirja
Elie
Ane
Amina
Tannlaug
Olindale
Benta
Barg
Gretha
Hedretina
Vår
Nina
Jenn
Kamila
Pam
Biri
Doria
Kartemøy
Kata
Marte
Marte
Katmalfhillrunna
Sti
Jun
Alva
Gun
Mictorie
Anla
Vild
Crise
Suste
Kam
Monie
Josanny
Beanca
Dinete
Reigfrista
Janne
Silma
Tyriellika
Ingelot
Judbjørg
Gurolrina
Miran
Adra
Bride
Gulie
Olgorna
Gla
Jasma
Vibeke
Marle
Sustin
Jolva
Valen
Irethilisa
Run
Karya
Ton
Cinath
Viv
Alvia
Ama
Fatena
Jandiannve
Vild
Aagda
Perd
Wibenni
Vanda
Thilde
Jasmin
Sig
Rana
Kamild
Ida
Mia
Gun
Elisanelielleneenely
Huone
Ada
Karineszka
Angelarbristrisanna
Berstina
Idurike
Alina
Eirstine
Ginedrignes
Leyla
Kaimaris
Aildfrina
The
Suzannla
Dormenna
Sophild
Maya
Zaimmy
Mundisbettemelin
Thornine
Karg
Sunn
Gun
Eillaug
Bet
Margun
Bjørghild
Sva
Jolid
Farg
Asmina
Jen
Lyna
Wibeken
Siste
My
Britte
Felma
Ais
Doridi
Vale
Wena
Edithelid
Nasmi
Mimminda
Janse
Erisa
Gørita
Gundisse
Hane
Phu
Kath
Rabeke
Undrine
Nin
Katiann
Ola
Mild
Jofrid
Lis
Viva
Kath
Angegunne
Ine
Thor
Valicild
Kjerd
Idunlara
Hildel
Lisbekene
Maudny
Katin
Karid
Gun
Marid
Angebela
Lizabellarolrun
Idunnittemøy
May
Vivild
Rosellbjørg
Bodhil
Gyra
Thorin
Hed
Jastia
Tild
Kathild
Micolbor
Maylvhilma
Liz
Gisel
Gudhilde
Krilai
Ing
Ela
Idunn
Zaia
Anin
Line
Elina
Syna
Gyra
Jan
Lissa
Beatriane
Tanna
Tone
Ama
Kjelen
Ranja
Paug
Jorg
Jea
Emel
Oddveigmonnanne
Tinorid
Nadel
Elis
Natrisila
Guna
Bethlee
Nann
Leylvårinorunn
Reikkenatrida
Katrieliotte
Ben
Leanne
Jilma
My
Arny
Glot
Ull
Frisella
Alvilly
Tuva
Gunni
Tarid
Lea
Ben
Irma
Kimirg
Mima
Erny
Elfris
Mara
Barolisa
Irmellee
Turonjernice
Signa
Jace
Soliche
Alen
Linda
Syn
Mirace
Cashilia
Hilauline
Rebeksanna
Liselandra
Elly
Mel
Kami
Mari
Cessabia
Ylvi
Gunna
Janckene
Ben
Simal
Gyda
Hannis
Bustinka
Thu
Claudrude
Isandicia
Johaomild
Mirstine
Dord
Anniktorth
Emella
Sana
Kajla
Hane
Eva
Karnhiline
Erlaug
Corunna
Thalia
Judbjørg
Inge
All
Synøvela
Karisa
Valia
Nin
Gurie
Crithe
Heliktemøy
Inesana
Niche
Cam
Mirthe
Eli
Aase
Hulaug
Tilane
Petta
Laia
Renn
Sirgith
Marine
Gudegithriannina
Olgathildiste
Karta
Åstine
Jorunne
Jen
Mie
Berine
Lid
Birany
Jeannikatine
Thorisa
Elis
Herdise
Haliethe
Olaug
Tonja
Lovily
Kathe
Gabetla
Magnhild
Emma
Marithilla
Rosa
Ell
Katjarah
Anni
Simela
Emilde
Careth
Hilja
Gørgrun
Evy
Kje
Maren
Møydista
Ingebjørgri
Sergit
Tarione
Natinetsy
Silline
Villa
Aine
Berg
Math
Nadi
Åsne
Marisely
Lizabie
Runa
Nathah
Asbjørg
Tonny
Åsne
Vivi
Eliana
San
Sig
Guna
Leni
Mariela
Marg
Gun
Kla
Kata
Kata
Tara
Oddhildegittine
Elbjørgna
Torit
Toine
Karethlenche
Kai
Ben
Marilda
Gin
Eth
Hilieta
Katasmild
Tor
Serle
Solfrina
Ger
Sigfrisicke
Edny
Brildra
Øydit
Mermela